// Jest Snapshot v1, https://goo.gl/fbAQLP

exports[`renders as expected 1`] = `
<div>
  <div
    class="MapView-container-1"
  >
    <div
      class="MapView-loading-2"
    >
      <mock-circularprogress
        size="100"
      />
    </div>
    <div
      style="height: 100%;"
    />
    <mock-dateselector
      availabledates=""
    />
    <mock-legends
      layers="[object Object]"
    />
    <div
      class="Analyser-analyser-3"
    >
      <mock-button
        color="primary"
        variant="contained"
      >
        <svg
          aria-hidden="true"
          class="MuiSvgIcon-root"
          focusable="false"
          role="presentation"
          style="margin-right: 10px;"
          viewBox="0 0 24 24"
        >
          <path
            d="M19 3H5c-1.1 0-2 .9-2 2v14c0 1.1.9 2 2 2h14c1.1 0 2-.9 2-2V5c0-1.1-.9-2-2-2zM9 17H7v-7h2v7zm4 0h-2V7h2v10zm4 0h-2v-4h2v4z"
          />
        </svg>
        <mock-typography
          variant="body2"
        >
          Run Analysis
        </mock-typography>
        <svg
          aria-hidden="true"
          class="MuiSvgIcon-root"
          focusable="false"
          role="presentation"
          viewBox="0 0 24 24"
        >
          <path
            d="M7 10l5 5 5-5z"
          />
        </svg>
      </mock-button>
      
      <div
        class="Analyser-analyserMenu-4"
        style="width: 0px; padding: 0px;"
      >
        <div>
          <div
            class="MuiFormControl-root"
          >
            <div
              class="MuiFormGroup-root MuiFormGroup-row"
              role="radiogroup"
            >
              <label
                class="MuiFormControlLabel-root"
              >
                <span
                  aria-disabled="false"
                  class="MuiButtonBase-root MuiIconButton-root PrivateSwitchBase-root-36 MuiRadio-root MuiRadio-colorSecondary Analyser-radioOptions-8 MuiIconButton-colorSecondary"
                >
                  <span
                    class="MuiIconButton-label"
                  >
                    <input
                      class="PrivateSwitchBase-input-39"
                      name="mui-radiogroup-99950"
                      type="radio"
                      value="mapview"
                    />
                    <div
                      class="PrivateRadioButtonIcon-root-52"
                    >
                      <svg
                        aria-hidden="true"
                        class="MuiSvgIcon-root MuiSvgIcon-fontSizeSmall"
                        focusable="false"
                        role="presentation"
                        viewBox="0 0 24 24"
                      >
                        <path
                          d="M12 2C6.48 2 2 6.48 2 12s4.48 10 10 10 10-4.48 10-10S17.52 2 12 2zm0 18c-4.42 0-8-3.58-8-8s3.58-8 8-8 8 3.58 8 8-3.58 8-8 8z"
                        />
                      </svg>
                      <svg
                        aria-hidden="true"
                        class="MuiSvgIcon-root PrivateRadioButtonIcon-layer-53 MuiSvgIcon-fontSizeSmall"
                        focusable="false"
                        role="presentation"
                        viewBox="0 0 24 24"
                      >
                        <path
                          d="M8.465 8.465C9.37 7.56 10.62 7 12 7C14.76 7 17 9.24 17 12C17 13.38 16.44 14.63 15.535 15.535C14.63 16.44 13.38 17 12 17C9.24 17 7 14.76 7 12C7 10.62 7.56 9.37 8.465 8.465Z"
                        />
                      </svg>
                    </div>
                  </span>
                  <span
                    class="MuiTouchRipple-root"
                  />
                </span>
                <mock-typography
                  classname="MuiFormControlLabel-label"
                  component="span"
                >
                  Map View
                </mock-typography>
              </label>
              <label
                class="MuiFormControlLabel-root"
              >
                <span
                  aria-disabled="false"
                  class="MuiButtonBase-root MuiIconButton-root PrivateSwitchBase-root-36 MuiRadio-root MuiRadio-colorSecondary Analyser-radioOptions-8 MuiIconButton-colorSecondary"
                >
                  <span
                    class="MuiIconButton-label"
                  >
                    <input
                      class="PrivateSwitchBase-input-39"
                      name="mui-radiogroup-99950"
                      type="radio"
                      value="tableview"
                    />
                    <div
                      class="PrivateRadioButtonIcon-root-52"
                    >
                      <svg
                        aria-hidden="true"
                        class="MuiSvgIcon-root MuiSvgIcon-fontSizeSmall"
                        focusable="false"
                        role="presentation"
                        viewBox="0 0 24 24"
                      >
                        <path
                          d="M12 2C6.48 2 2 6.48 2 12s4.48 10 10 10 10-4.48 10-10S17.52 2 12 2zm0 18c-4.42 0-8-3.58-8-8s3.58-8 8-8 8 3.58 8 8-3.58 8-8 8z"
                        />
                      </svg>
                      <svg
                        aria-hidden="true"
                        class="MuiSvgIcon-root PrivateRadioButtonIcon-layer-53 MuiSvgIcon-fontSizeSmall"
                        focusable="false"
                        role="presentation"
                        viewBox="0 0 24 24"
                      >
                        <path
                          d="M8.465 8.465C9.37 7.56 10.62 7 12 7C14.76 7 17 9.24 17 12C17 13.38 16.44 14.63 15.535 15.535C14.63 16.44 13.38 17 12 17C9.24 17 7 14.76 7 12C7 10.62 7.56 9.37 8.465 8.465Z"
                        />
                      </svg>
                    </div>
                  </span>
                  <span
                    class="MuiTouchRipple-root"
                  />
                </span>
                <mock-typography
                  classname="MuiFormControlLabel-label"
                  component="span"
                >
                  Table View
                </mock-typography>
              </label>
            </div>
          </div>
        </div>
      </div>
    </div>
  </div>
</div>
`;
